Archive member included to satisfy reference by file (symbol)

../StdPeriphDriver\libISP583.a(ISP583.o)
                              ./StdPeriphDriver/CH58x_flash.o (FLASH_EEPROM_CMD)
c:/mounriver/mounriver_studio/toolchain/risc-v embedded gcc/bin/../lib/gcc/riscv-none-embed/8.2.0/../../../../riscv-none-embed/lib/rv32imac/ilp32\libprintfloat.a(printfloat.o)
                              ./src/onewire.o (printf)
c:/mounriver/mounriver_studio/toolchain/risc-v embedded gcc/bin/../lib/gcc/riscv-none-embed/8.2.0/../../../../riscv-none-embed/lib/rv32imac/ilp32\libprintf.a(wchprintf.o)
                              ./src/onewire.o (puts)
c:/mounriver/mounriver_studio/toolchain/risc-v embedded gcc/bin/../lib/gcc/riscv-none-embed/8.2.0/rv32imac/ilp32\libgcc.a(_udivdi3.o)
                              c:/mounriver/mounriver_studio/toolchain/risc-v embedded gcc/bin/../lib/gcc/riscv-none-embed/8.2.0/../../../../riscv-none-embed/lib/rv32imac/ilp32\libprintfloat.a(printfloat.o) (__udivdi3)
c:/mounriver/mounriver_studio/toolchain/risc-v embedded gcc/bin/../lib/gcc/riscv-none-embed/8.2.0/rv32imac/ilp32\libgcc.a(_umoddi3.o)
                              c:/mounriver/mounriver_studio/toolchain/risc-v embedded gcc/bin/../lib/gcc/riscv-none-embed/8.2.0/../../../../riscv-none-embed/lib/rv32imac/ilp32\libprintfloat.a(printfloat.o) (__umoddi3)
c:/mounriver/mounriver_studio/toolchain/risc-v embedded gcc/bin/../lib/gcc/riscv-none-embed/8.2.0/rv32imac/ilp32\libgcc.a(adddf3.o)
                              ./src/onewire.o (__adddf3)
c:/mounriver/mounriver_studio/toolchain/risc-v embedded gcc/bin/../lib/gcc/riscv-none-embed/8.2.0/rv32imac/ilp32\libgcc.a(divdf3.o)
                              ./src/onewire.o (__divdf3)
c:/mounriver/mounriver_studio/toolchain/risc-v embedded gcc/bin/../lib/gcc/riscv-none-embed/8.2.0/rv32imac/ilp32\libgcc.a(muldf3.o)
                              ./src/onewire.o (__muldf3)
c:/mounriver/mounriver_studio/toolchain/risc-v embedded gcc/bin/../lib/gcc/riscv-none-embed/8.2.0/rv32imac/ilp32\libgcc.a(subdf3.o)
                              ./src/onewire.o (__subdf3)
c:/mounriver/mounriver_studio/toolchain/risc-v embedded gcc/bin/../lib/gcc/riscv-none-embed/8.2.0/rv32imac/ilp32\libgcc.a(floatsidf.o)
                              ./src/onewire.o (__floatsidf)
c:/mounriver/mounriver_studio/toolchain/risc-v embedded gcc/bin/../lib/gcc/riscv-none-embed/8.2.0/rv32imac/ilp32\libgcc.a(fixdfdi.o)
                              c:/mounriver/mounriver_studio/toolchain/risc-v embedded gcc/bin/../lib/gcc/riscv-none-embed/8.2.0/../../../../riscv-none-embed/lib/rv32imac/ilp32\libprintfloat.a(printfloat.o) (__fixdfdi)
c:/mounriver/mounriver_studio/toolchain/risc-v embedded gcc/bin/../lib/gcc/riscv-none-embed/8.2.0/rv32imac/ilp32\libgcc.a(floatdidf.o)
                              c:/mounriver/mounriver_studio/toolchain/risc-v embedded gcc/bin/../lib/gcc/riscv-none-embed/8.2.0/../../../../riscv-none-embed/lib/rv32imac/ilp32\libprintfloat.a(printfloat.o) (__floatdidf)
c:/mounriver/mounriver_studio/toolchain/risc-v embedded gcc/bin/../lib/gcc/riscv-none-embed/8.2.0/rv32imac/ilp32\libgcc.a(addsf3.o)
                              ./src/onewire.o (__addsf3)
c:/mounriver/mounriver_studio/toolchain/risc-v embedded gcc/bin/../lib/gcc/riscv-none-embed/8.2.0/rv32imac/ilp32\libgcc.a(gesf2.o)
                              ./src/onewire.o (__gesf2)
c:/mounriver/mounriver_studio/toolchain/risc-v embedded gcc/bin/../lib/gcc/riscv-none-embed/8.2.0/rv32imac/ilp32\libgcc.a(lesf2.o)
                              ./src/onewire.o (__lesf2)
c:/mounriver/mounriver_studio/toolchain/risc-v embedded gcc/bin/../lib/gcc/riscv-none-embed/8.2.0/rv32imac/ilp32\libgcc.a(mulsf3.o)
                              ./src/onewire.o (__mulsf3)
c:/mounriver/mounriver_studio/toolchain/risc-v embedded gcc/bin/../lib/gcc/riscv-none-embed/8.2.0/rv32imac/ilp32\libgcc.a(subsf3.o)
                              ./src/onewire.o (__subsf3)
c:/mounriver/mounriver_studio/toolchain/risc-v embedded gcc/bin/../lib/gcc/riscv-none-embed/8.2.0/rv32imac/ilp32\libgcc.a(extendsfdf2.o)
                              ./src/onewire.o (__extendsfdf2)
c:/mounriver/mounriver_studio/toolchain/risc-v embedded gcc/bin/../lib/gcc/riscv-none-embed/8.2.0/rv32imac/ilp32\libgcc.a(truncdfsf2.o)
                              ./src/onewire.o (__truncdfsf2)
c:/mounriver/mounriver_studio/toolchain/risc-v embedded gcc/bin/../lib/gcc/riscv-none-embed/8.2.0/rv32imac/ilp32\libgcc.a(_clz.o)
                              c:/mounriver/mounriver_studio/toolchain/risc-v embedded gcc/bin/../lib/gcc/riscv-none-embed/8.2.0/rv32imac/ilp32\libgcc.a(_udivdi3.o) (__clz_tab)
c:/mounriver/mounriver_studio/toolchain/risc-v embedded gcc/bin/../lib/gcc/riscv-none-embed/8.2.0/rv32imac/ilp32\libgcc.a(_clzsi2.o)
                              c:/mounriver/mounriver_studio/toolchain/risc-v embedded gcc/bin/../lib/gcc/riscv-none-embed/8.2.0/rv32imac/ilp32\libgcc.a(adddf3.o) (__clzsi2)
[...]
Memory Configuration

Name             Origin             Length             Attributes
FLASH            0x0000000000000000 0x0000000000070000 xr
RAM              0x0000000020000000 0x0000000000008000 xrw
*default*        0x0000000000000000 0xffffffffffffffff

Linker script and memory map

LOAD ./src/Main.o
LOAD ./src/onewire.o
LOAD ./StdPeriphDriver/CH58x_clk.o
LOAD ./StdPeriphDriver/CH58x_flash.o
LOAD ./StdPeriphDriver/CH58x_gpio.o
LOAD ./StdPeriphDriver/CH58x_i2c.o
LOAD ./StdPeriphDriver/CH58x_pwr.o
LOAD ./StdPeriphDriver/CH58x_spi1.o
LOAD ./StdPeriphDriver/CH58x_sys.o
LOAD ./StdPeriphDriver/CH58x_timer0.o
LOAD ./StdPeriphDriver/CH58x_uart0.o
LOAD ./StdPeriphDriver/CH58x_uart1.o
LOAD ./StdPeriphDriver/CH58x_usb2dev.o
LOAD ./StdPeriphDriver/CH58x_usb2hostBase.o
LOAD ./StdPeriphDriver/CH58x_usb2hostClass.o
LOAD ./Startup/startup_CH583.o
LOAD ./RVMSIS/core_riscv.o
LOAD ../StdPeriphDriver\libISP583.a
LOAD c:/mounriver/mounriver_studio/toolchain/risc-v embedded gcc/bin/../lib/gcc/riscv-none-embed/8.2.0/../../../../riscv-none-embed/lib/rv32imac/ilp32\libprintfloat.a
LOAD c:/mounriver/mounriver_studio/toolchain/risc-v embedded gcc/bin/../lib/gcc/riscv-none-embed/8.2.0/../../../../riscv-none-embed/lib/rv32imac/ilp32\libprintf.a
LOAD c:/mounriver/mounriver_studio/toolchain/risc-v embedded gcc/bin/../lib/gcc/riscv-none-embed/8.2.0/rv32imac/ilp32\libgcc.a
LOAD c:/mounriver/mounriver_studio/toolchain/risc-v embedded gcc/bin/../lib/gcc/riscv-none-embed/8.2.0/../../../../riscv-none-embed/lib/rv32imac/ilp32\libg_nano.a
LOAD c:/mounriver/mounriver_studio/toolchain/risc-v embedded gcc/bin/../lib/gcc/riscv-none-embed/8.2.0/../../../../riscv-none-embed/lib/rv32imac/ilp32\libc_nano.a
LOAD c:/mounriver/mounriver_studio/toolchain/risc-v embedded gcc/bin/../lib/gcc/riscv-none-embed/8.2.0/rv32imac/ilp32\libgcc.a
START GROUP
LOAD c:/mounriver/mounriver_studio/toolchain/risc-v embedded gcc/bin/../lib/gcc/riscv-none-embed/8.2.0/rv32imac/ilp32\libgcc.a
LOAD c:/mounriver/mounriver_studio/toolchain/risc-v embedded gcc/bin/../lib/gcc/riscv-none-embed/8.2.0/../../../../riscv-none-embed/lib/rv32imac/ilp32\libc_nano.a
LOAD c:/mounriver/mounriver_studio/toolchain/risc-v embedded gcc/bin/../lib/gcc/riscv-none-embed/8.2.0/../../../../riscv-none-embed/lib/rv32imac/ilp32\libnosys.a
END GROUP
START GROUP
LOAD c:/mounriver/mounriver_studio/toolchain/risc-v embedded gcc/bin/../lib/gcc/riscv-none-embed/8.2.0/rv32imac/ilp32\libgcc.a
LOAD c:/mounriver/mounriver_studio/toolchain/risc-v embedded gcc/bin/../lib/gcc/riscv-none-embed/8.2.0/../../../../riscv-none-embed/lib/rv32imac/ilp32\libc_nano.a
LOAD c:/mounriver/mounriver_studio/toolchain/risc-v embedded gcc/bin/../lib/gcc/riscv-none-embed/8.2.0/../../../../riscv-none-embed/lib/rv32imac/ilp32\libnosys.a
END GROUP

.init           0x0000000000000000        0x4
                0x0000000000000000                _sinit = .
                0x0000000000000000                . = ALIGN (0x4)
 *(SORT_NONE(.init))
 .init          0x0000000000000000        0x4 ./Startup/startup_CH583.o
                0x0000000000000000                _start
                0x0000000000000004                . = ALIGN (0x4)
                0x0000000000000004                _einit = .

.highcodelalign
                0x0000000000000004        0x0
                0x0000000000000004                . = ALIGN (0x4)
                0x0000000000000004                PROVIDE (_highcode_lma = .)

.highcode       0x0000000020000000      0x7bc load address 0x0000000000000004
                0x0000000020000000                . = ALIGN (0x4)
                0x0000000020000000                PROVIDE (_highcode_vma_start = .)
 *(.vector)
 .vector        0x0000000020000000       0x90 ./Startup/startup_CH583.o
 *(SORT_NONE(.vector_handler))
 .vector_handler
                0x0000000020000090       0x36 ./Startup/startup_CH583.o
                0x0000000020000090                NMI_Handler
                0x0000000020000094                Ecall_M_Mode_Handler
                0x0000000020000096                Ecall_U_Mode_Handler
                0x0000000020000098                Break_Point_Handler
                0x000000002000009a                SysTick_Handler
                0x000000002000009c                SW_Handler
                0x00000000200000a0                GPIOA_IRQHandler
                0x00000000200000a2                GPIOB_IRQHandler
                0x00000000200000a4                SPI0_IRQHandler
                0x00000000200000a6                BB_IRQHandler
                0x00000000200000a8                LLE_IRQHandler
                0x00000000200000aa                USB_IRQHandler
                0x00000000200000ac                USB2_IRQHandler
                0x00000000200000ae                TMR1_IRQHandler
                0x00000000200000b0                TMR2_IRQHandler
                0x00000000200000b2                UART0_IRQHandler
                0x00000000200000b6                RTC_IRQHandler
                0x00000000200000b8                ADC_IRQHandler
                0x00000000200000ba                I2C_IRQHandler
                0x00000000200000bc                PWMX_IRQHandler
                0x00000000200000be                TMR3_IRQHandler
                0x00000000200000c0                UART2_IRQHandler
                0x00000000200000c2                UART3_IRQHandler
                0x00000000200000c4                WDOG_BAT_IRQHandler
 *(.highcode)
 .highcode      0x00000000200000c6       0xa2 ./src/Main.o
                0x00000000200000c6                UART1_IRQHandler
 .highcode      0x0000000020000168       0x28 ./src/onewire.o
                0x0000000020000168                TMR0_IRQHandler
 .highcode      0x0000000020000190      0x206 ./StdPeriphDriver/CH58x_sys.o
                0x0000000020000190                SetSysClock
                0x00000000200002ea                SYS_ResetExecute
                0x0000000020000326                HardFault_Handler
                0x0000000020000360                mDelayuS
                0x000000002000036e                mDelaymS
 .highcode      0x0000000020000396      0x426 ../StdPeriphDriver\libISP583.a(ISP583.o)
                0x0000000020000396                FLASH_ROM_BEG
                0x00000000200003a8                FLASH_ROM_END
                0x00000000200003b6                FLASH_ROM_IN
                0x00000000200003c4                FLASH_ROM_OUT
                0x00000000200003d2                FLASH_ROM_ADDR
                0x000000002000041a                FLASH_ROM_WAIT
                0x0000000020000452                FLASH_EEPROM_CMD
 *(.highcode.*)
                0x00000000200007bc                . = ALIGN (0x4)
                0x00000000200007bc                PROVIDE (_highcode_vma_end = .)

.text           0x00000000000007c0     0x9644
                0x00000000000007c0                . = ALIGN (0x4)
 *(SORT_NONE(.handle_reset))
 .handle_reset  0x00000000000007c0       0xaa ./Startup/startup_CH583.o
                0x00000000000007c0                handle_reset
 *(.text)
 .text          0x000000000000086a       0xa8 c:/mounriver/mounriver_studio/toolchain/risc-v embedded gcc/bin/../lib/gcc/riscv-none-embed/8.2.0/../../../../riscv-none-embed/lib/rv32imac/ilp32\libg_nano.a(lib_a-memset.o)
                0x000000000000086a                memset
 *(.text.*)
 .text.startup.main
                0x0000000000000912       0x5e ./src/Main.o
                0x0000000000000912                main
 .text.ow_delay_us
                0x0000000000000970       0x46 ./src/onewire.o
 .text.check_ack
                0x00000000000009b6       0x76 ./src/onewire.o
                0x00000000000009b6                check_ack
 .text.onewire_reset
                0x0000000000000a2c       0x3e ./src/onewire.o
                0x0000000000000a2c                onewire_reset
 .text.onewire_resetcheck
                0x0000000000000a6a       0x30 ./src/onewire.o
                0x0000000000000a6a                onewire_resetcheck
 .text.slave_init
                0x0000000000000a9a       0x42 ./src/onewire.o
                0x0000000000000a9a                slave_init
 .text.onewire_writebit
                0x0000000000000adc       0x5a ./src/onewire.o
                0x0000000000000adc                onewire_writebit
 .text.onewire_writebyte
                0x0000000000000b36       0x26 ./src/onewire.o
                0x0000000000000b36                onewire_writebyte
 .text.onewire_readbit
                0x0000000000000b5c       0x68 ./src/onewire.o
                0x0000000000000b5c                onewire_readbit
 .text.onewire_read
                0x0000000000000bc4       0x2e ./src/onewire.o
                0x0000000000000bc4                onewire_read
 .text.cfbcfgtocaprange
                0x0000000000000bf2       0x64 ./src/onewire.o
                0x0000000000000bf2                cfbcfgtocaprange
 .text.coscfgtocapoffset
                0x0000000000000c56       0x46 ./src/onewire.o
                0x0000000000000c56                coscfgtocapoffset
 .text.captocoscfg
                0x0000000000000c9c       0x66 ./src/onewire.o
                0x0000000000000c9c                captocoscfg
 .text.caprangetocfbcfg
                0x0000000000000d02       0x8c ./src/onewire.o
                0x0000000000000d02                caprangetocfbcfg
 .text.mdc02_outputtocap
                0x0000000000000d8e       0x7a ./src/onewire.o
                0x0000000000000d8e                mdc02_outputtocap
 .text.onewire_crc8
                0x0000000000000e08       0x36 ./src/onewire.o
                0x0000000000000e08                onewire_crc8
 .text.read_command
                0x0000000000000e3e       0x36 ./src/onewire.o
                0x0000000000000e3e                read_command
 .text.mdc02_writeparameters_skiprom
                0x0000000000000e74       0x38 ./src/onewire.o
                0x0000000000000e74                mdc02_writeparameters_skiprom
 .text.mdc02_readparameters_skiprom
                0x0000000000000eac       0x38 ./src/onewire.o
                0x0000000000000eac                mdc02_readparameters_skiprom
 .text.readcfbconfig
                0x0000000000000ee4       0x40 ./src/onewire.o
                0x0000000000000ee4                readcfbconfig
 .text.getcfg_caprange
                0x0000000000000f24       0x1e ./src/onewire.o
                0x0000000000000f24                getcfg_caprange
 .text.readcosconfig
                0x0000000000000f42       0x52 ./src/onewire.o
                0x0000000000000f42                readcosconfig
 .text.getcfg_capoffset
                0x0000000000000f94       0x1e ./src/onewire.o
                0x0000000000000f94                getcfg_capoffset
 .text.readcapconfigure
                0x0000000000000fb2       0x16 ./src/onewire.o
                0x0000000000000fb2                readcapconfigure
 .text.setcapchannel
                0x0000000000000fc8       0x46 ./src/onewire.o
                0x0000000000000fc8                setcapchannel
 .text.writecosconfig
                0x000000000000100e       0x50 ./src/onewire.o
                0x000000000000100e                writecosconfig
 .text.mdc02_capconfigureoffset
                0x000000000000105e       0x3e ./src/onewire.o
                0x000000000000105e                mdc02_capconfigureoffset
 .text.writecfbconfig
                0x000000000000109c       0x46 ./src/onewire.o
                0x000000000000109c                writecfbconfig
 .text.mdc02_capconfigurefs
                0x00000000000010e2       0x28 ./src/onewire.o
                0x00000000000010e2                mdc02_capconfigurefs
 .text.mdc02_capconfigurerange
                0x000000000000110a       0x40 ./src/onewire.o
                0x000000000000110a                mdc02_capconfigurerange
 .text.convertcap
                0x000000000000114a       0x20 ./src/onewire.o
                0x000000000000114a                convertcap
 .text.mdc02_readscratchpad_skiprom
                0x000000000000116a       0x3e ./src/onewire.o
                0x000000000000116a                mdc02_readscratchpad_skiprom
 .text.readstatusconfig
                0x00000000000011a8       0x4a ./src/onewire.o
                0x00000000000011a8                readstatusconfig
 .text.readtempcap1
                0x00000000000011f2       0x5a ./src/onewire.o
                0x00000000000011f2                readtempcap1
 .text.mdc02_readc2c3c4_skiprom
                0x000000000000124c       0x3e ./src/onewire.o
                0x000000000000124c                mdc02_readc2c3c4_skiprom
 .text.readcapc2c3c4
                0x000000000000128a       0x26 ./src/onewire.o
                0x000000000000128a                readcapc2c3c4
 .text.read_cap
                0x00000000000012b0       0xe4 ./src/onewire.o
                0x00000000000012b0                read_cap
 .text.mdc02_range
                0x0000000000001394       0x88 ./src/onewire.o
                0x0000000000001394                mdc02_range
 .text.mdc02_channel
                0x000000000000141c        0xe ./src/onewire.o
                0x000000000000141c                mdc02_channel
 .text.GPIOA_ModeCfg
                0x000000000000142a       0xa6 ./StdPeriphDriver/CH58x_gpio.o
                0x000000000000142a                GPIOA_ModeCfg
 .text.GetSysClock
                0x00000000000014d0       0x42 ./StdPeriphDriver/CH58x_sys.o
                0x00000000000014d0                GetSysClock
 .text._write   0x0000000000001512       0x28 ./StdPeriphDriver/CH58x_sys.o
                0x0000000000001512                _write
 .text.TMR0_TimerInit
                0x000000000000153a       0x14 ./StdPeriphDriver/CH58x_timer0.o
                0x000000000000153a                TMR0_TimerInit
 .text.UART1_BaudRateCfg
                0x000000000000154e       0x30 ./StdPeriphDriver/CH58x_uart1.o
                0x000000000000154e                UART1_BaudRateCfg
 .text.UART1_DefInit
                0x000000000000157e       0x32 ./StdPeriphDriver/CH58x_uart1.o
                0x000000000000157e                UART1_DefInit
 .text.UART1_SendString
                0x00000000000015b0       0x28 ./StdPeriphDriver/CH58x_uart1.o
                0x00000000000015b0                UART1_SendString
 .text.UART1_RecvString
                0x00000000000015d8       0x2a ./StdPeriphDriver/CH58x_uart1.o
                0x00000000000015d8                UART1_RecvString
 .text.printchar
                0x0000000000001602       0x4a c:/mounriver/mounriver_studio/toolchain/risc-v embedded gcc/bin/../lib/gcc/riscv-none-embed/8.2.0/../../../../riscv-none-embed/lib/rv32imac/ilp32\libprintfloat.a(printfloat.o)
                0x0000000000001602                printchar
 .text.prints   0x000000000000164c       0xd8 c:/mounriver/mounriver_studio/toolchain/risc-v embedded gcc/bin/../lib/gcc/riscv-none-embed/8.2.0/../../../../riscv-none-embed/lib/rv32imac/ilp32\libprintfloat.a(printfloat.o)
                0x000000000000164c                prints
 .text.printInt
                0x0000000000001724       0xe8 c:/mounriver/mounriver_studio/toolchain/risc-v embedded gcc/bin/../lib/gcc/riscv-none-embed/8.2.0/../../../../riscv-none-embed/lib/rv32imac/ilp32\libprintfloat.a(printfloat.o)
                0x0000000000001724                printInt
 .text.printLongLongInt
                0x000000000000180c      0x104 c:/mounriver/mounriver_studio/toolchain/risc-v embedded gcc/bin/../lib/gcc/riscv-none-embed/8.2.0/../../../../riscv-none-embed/lib/rv32imac/ilp32\libprintfloat.a(printfloat.o)
                0x000000000000180c                printLongLongInt
 .text.printDouble
                0x0000000000001910       0xe8 c:/mounriver/mounriver_studio/toolchain/risc-v embedded gcc/bin/../lib/gcc/riscv-none-embed/8.2.0/../../../../riscv-none-embed/lib/rv32imac/ilp32\libprintfloat.a(printfloat.o)
                0x0000000000001910                printDouble
 .text.print    0x00000000000019f8      0x338 c:/mounriver/mounriver_studio/toolchain/risc-v embedded gcc/bin/../lib/gcc/riscv-none-embed/8.2.0/../../../../riscv-none-embed/lib/rv32imac/ilp32\libprintfloat.a(printfloat.o)
                0x00000000000019f8                print
 .text.printf   0x0000000000001d30       0x22 c:/mounriver/mounriver_studio/toolchain/risc-v embedded gcc/bin/../lib/gcc/riscv-none-embed/8.2.0/../../../../riscv-none-embed/lib/rv32imac/ilp32\libprintfloat.a(printfloat.o)
                0x0000000000001d30                printf
 .text.puts     0x0000000000001d52       0x54 c:/mounriver/mounriver_studio/toolchain/risc-v embedded gcc/bin/../lib/gcc/riscv-none-embed/8.2.0/../../../../riscv-none-embed/lib/rv32imac/ilp32\libprintf.a(wchprintf.o)
                0x0000000000001d52                puts
 .text.__udivdi3
                0x0000000000001da6      0x398 c:/mounriver/mounriver_studio/toolchain/risc-v embedded gcc/bin/../lib/gcc/riscv-none-embed/8.2.0/rv32imac/ilp32\libgcc.a(_udivdi3.o)
                0x0000000000001da6                __udivdi3
 .text.__umoddi3
                0x000000000000213e      0x38e c:/mounriver/mounriver_studio/toolchain/risc-v embedded gcc/bin/../lib/gcc/riscv-none-embed/8.2.0/rv32imac/ilp32\libgcc.a(_umoddi3.o)
                0x000000000000213e                __umoddi3
 .text.__adddf3
                0x00000000000024cc      0x730 c:/mounriver/mounriver_studio/toolchain/risc-v embedded gcc/bin/../lib/gcc/riscv-none-embed/8.2.0/rv32imac/ilp32\libgcc.a(adddf3.o)
                0x00000000000024cc                __adddf3
 .text.__divdf3
                0x0000000000002bfc      0x5b4 c:/mounriver/mounriver_studio/toolchain/risc-v embedded gcc/bin/../lib/gcc/riscv-none-embed/8.2.0/rv32imac/ilp32\libgcc.a(divdf3.o)
                0x0000000000002bfc                __divdf3
 .text.__muldf3
                0x00000000000031b0      0x4b8 c:/mounriver/mounriver_studio/toolchain/risc-v embedded gcc/bin/../lib/gcc/riscv-none-embed/8.2.0/rv32imac/ilp32\libgcc.a(muldf3.o)
                0x00000000000031b0                __muldf3
 .text.__subdf3
                0x0000000000003668      0x73e c:/mounriver/mounriver_studio/toolchain/risc-v embedded gcc/bin/../lib/gcc/riscv-none-embed/8.2.0/rv32imac/ilp32\libgcc.a(subdf3.o)
                0x0000000000003668                __subdf3
 .text.__floatsidf
                0x0000000000003da6       0x72 c:/mounriver/mounriver_studio/toolchain/risc-v embedded gcc/bin/../lib/gcc/riscv-none-embed/8.2.0/rv32imac/ilp32\libgcc.a(floatsidf.o)
                0x0000000000003da6                __floatsidf
 .text.__fixdfdi
                0x0000000000003e18       0xbc c:/mounriver/mounriver_studio/toolchain/risc-v embedded gcc/bin/../lib/gcc/riscv-none-embed/8.2.0/rv32imac/ilp32\libgcc.a(fixdfdi.o)
                0x0000000000003e18                __fixdfdi
 .text.__floatdidf
                0x0000000000003ed4      0x1b6 c:/mounriver/mounriver_studio/toolchain/risc-v embedded gcc/bin/../lib/gcc/riscv-none-embed/8.2.0/rv32imac/ilp32\libgcc.a(floatdidf.o)
                0x0000000000003ed4                __floatdidf
 .text.__addsf3
                0x000000000000408a      0x36a c:/mounriver/mounriver_studio/toolchain/risc-v embedded gcc/bin/../lib/gcc/riscv-none-embed/8.2.0/rv32imac/ilp32\libgcc.a(addsf3.o)
                0x000000000000408a                __addsf3
 .text.__gesf2  0x00000000000043f4       0x86 c:/mounriver/mounriver_studio/toolchain/risc-v embedded gcc/bin/../lib/gcc/riscv-none-embed/8.2.0/rv32imac/ilp32\libgcc.a(gesf2.o)
                0x00000000000043f4                __gesf2
                0x00000000000043f4                __gtsf2
 .text.__lesf2  0x000000000000447a       0x8c c:/mounriver/mounriver_studio/toolchain/risc-v embedded gcc/bin/../lib/gcc/riscv-none-embed/8.2.0/rv32imac/ilp32\libgcc.a(lesf2.o)
                0x000000000000447a                __ltsf2
                0x000000000000447a                __lesf2
 .text.__mulsf3
                0x0000000000004506      0x290 c:/mounriver/mounriver_studio/toolchain/risc-v embedded gcc/bin/../lib/gcc/riscv-none-embed/8.2.0/rv32imac/ilp32\libgcc.a(mulsf3.o)
                0x0000000000004506                __mulsf3
 .text.__subsf3
                0x0000000000004796      0x388 c:/mounriver/mounriver_studio/toolchain/risc-v embedded gcc/bin/../lib/gcc/riscv-none-embed/8.2.0/rv32imac/ilp32\libgcc.a(subsf3.o)
                0x0000000000004796                __subsf3
 .text.__extendsfdf2
                0x0000000000004b1e       0xac c:/mounriver/mounriver_studio/toolchain/risc-v embedded gcc/bin/../lib/gcc/riscv-none-embed/8.2.0/rv32imac/ilp32\libgcc.a(extendsfdf2.o)
                0x0000000000004b1e                __extendsfdf2
 .text.__truncdfsf2
                0x0000000000004bca      0x16a c:/mounriver/mounriver_studio/toolchain/risc-v embedded gcc/bin/../lib/gcc/riscv-none-embed/8.2.0/rv32imac/ilp32\libgcc.a(truncdfsf2.o)
                0x0000000000004bca                __truncdfsf2
 .text.__clzsi2
                0x0000000000004d34       0x76 c:/mounriver/mounriver_studio/toolchain/risc-v embedded gcc/bin/../lib/gcc/riscv-none-embed/8.2.0/rv32imac/ilp32\libgcc.a(_clzsi2.o)
                0x0000000000004d34                __clzsi2
 .text.__cvt    0x0000000000004daa       0xee c:/mounriver/mounriver_studio/toolchain/risc-v embedded gcc/bin/../lib/gcc/riscv-none-embed/8.2.0/../../../../riscv-none-embed/lib/rv32imac/ilp32\libg_nano.a(lib_a-nano-vfprintf_float.o)
                0x0000000000004daa                __cvt
 .text.__exponent
                0x0000000000004e98       0x8c c:/mounriver/mounriver_studio/toolchain/risc-v embedded gcc/bin/../lib/gcc/riscv-none-embed/8.2.0/../../../../riscv-none-embed/lib/rv32imac/ilp32\libg_nano.a(lib_a-nano-vfprintf_float.o)
                0x0000000000004e98                __exponent
 .text._printf_float
                0x0000000000004f24      0x4c0 c:/mounriver/mounriver_studio/toolchain/risc-v embedded gcc/bin/../lib/gcc/riscv-none-embed/8.2.0/../../../../riscv-none-embed/lib/rv32imac/ilp32\libg_nano.a(lib_a-nano-vfprintf_float.o)
                0x0000000000004f24                _printf_float
 .text._printf_common
                0x00000000000053e4      0x10c c:/mounriver/mounriver_studio/toolchain/risc-v embedded gcc/bin/../lib/gcc/riscv-none-embed/8.2.0/../../../../riscv-none-embed/lib/rv32imac/ilp32\libg_nano.a(lib_a-nano-vfprintf_i.o)
                0x00000000000053e4                _printf_common
 .text._printf_i
                0x00000000000054f0      0x2aa c:/mounriver/mounriver_studio/toolchain/risc-v embedded gcc/bin/../lib/gcc/riscv-none-embed/8.2.0/../../../../riscv-none-embed/lib/rv32imac/ilp32\libg_nano.a(lib_a-nano-vfprintf_i.o)
                0x00000000000054f0                _printf_i
 .text._scanf_float
                0x000000000000579a      0x476 c:/mounriver/mounriver_studio/toolchain/risc-v embedded gcc/bin/../lib/gcc/riscv-none-embed/8.2.0/../../../../riscv-none-embed/lib/rv32imac/ilp32\libg_nano.a(lib_a-nano-vfscanf_float.o)
                0x000000000000579a                _scanf_float
 .text.nanf     0x0000000000005c10        0xc c:/mounriver/mounriver_studio/toolchain/risc-v embedded gcc/bin/../lib/gcc/riscv-none-embed/8.2.0/../../../../riscv-none-embed/lib/rv32imac/ilp32\libg_nano.a(lib_a-sf_nan.o)
                0x0000000000005c10                nanf
 .text.sprintf  0x0000000000005c1c       0x4a c:/mounriver/mounriver_studio/toolchain/risc-v embedded gcc/bin/../lib/gcc/riscv-none-embed/8.2.0/../../../../riscv-none-embed/lib/rv32imac/ilp32\libg_nano.a(lib_a-sprintf.o)
                0x0000000000005c1c                siprintf
                0x0000000000005c1c                sprintf
 .text.strlen   0x0000000000005c66       0x12 c:/mounriver/mounriver_studio/toolchain/risc-v embedded gcc/bin/../lib/gcc/riscv-none-embed/8.2.0/../../../../riscv-none-embed/lib/rv32imac/ilp32\libg_nano.a(lib_a-strlen.o)
                0x0000000000005c66                strlen
 .text.sulp     0x0000000000005c78       0x4e c:/mounriver/mounriver_studio/toolchain/risc-v embedded gcc/bin/../lib/gcc/riscv-none-embed/8.2.0/../../../../riscv-none-embed/lib/rv32imac/ilp32\libg_nano.a(lib_a-strtod.o)
 .text._strtod_l
                0x0000000000005cc6      0xc7c c:/mounriver/mounriver_studio/toolchain/risc-v embedded gcc/bin/../lib/gcc/riscv-none-embed/8.2.0/../../../../riscv-none-embed/lib/rv32imac/ilp32\libg_nano.a(lib_a-strtod.o)
                0x0000000000005cc6                _strtod_l
 .text._strtod_r
                0x0000000000006942       0x1a c:/mounriver/mounriver_studio/toolchain/risc-v embedded gcc/bin/../lib/gcc/riscv-none-embed/8.2.0/../../../../riscv-none-embed/lib/rv32imac/ilp32\libg_nano.a(lib_a-strtod.o)
                0x0000000000006942                _strtod_r
 .text._strtol_l.isra.0
                0x000000000000695c      0x144 c:/mounriver/mounriver_studio/toolchain/risc-v embedded gcc/bin/../lib/gcc/riscv-none-embed/8.2.0/../../../../riscv-none-embed/lib/rv32imac/ilp32\libg_nano.a(lib_a-strtol.o)
 .text._strtol_r
                0x0000000000006aa0       0x18 c:/mounriver/mounriver_studio/toolchain/risc-v embedded gcc/bin/../lib/gcc/riscv-none-embed/8.2.0/../../../../riscv-none-embed/lib/rv32imac/ilp32\libg_nano.a(lib_a-strtol.o)
                0x0000000000006aa0                _strtol_r
 .text.quorem   0x0000000000006ab8      0x13a c:/mounriver/mounriver_studio/toolchain/risc-v embedded gcc/bin/../lib/gcc/riscv-none-embed/8.2.0/../../../../riscv-none-embed/lib/rv32imac/ilp32\libg_nano.a(lib_a-dtoa.o)
 .text._dtoa_r  0x0000000000006bf2      0xc20 c:/mounriver/mounriver_studio/toolchain/risc-v embedded gcc/bin/../lib/gcc/riscv-none-embed/8.2.0/../../../../riscv-none-embed/lib/rv32imac/ilp32\libg_nano.a(lib_a-dtoa.o)
                0x0000000000006bf2                _dtoa_r
 .text.rshift   0x0000000000007812       0x76 c:/mounriver/mounriver_studio/toolchain/risc-v embedded gcc/bin/../lib/gcc/riscv-none-embed/8.2.0/../../../../riscv-none-embed/lib/rv32imac/ilp32\libg_nano.a(lib_a-gdtoa-gethex.o)
 .text.__hexdig_fun
                0x0000000000007888       0x40 c:/mounriver/mounriver_studio/toolchain/risc-v embedded gcc/bin/../lib/gcc/riscv-none-embed/8.2.0/../../../../riscv-none-embed/lib/rv32imac/ilp32\libg_nano.a(lib_a-gdtoa-gethex.o)
                0x0000000000007888                __hexdig_fun
 .text.__gethex
                0x00000000000078c8      0x4ca c:/mounriver/mounriver_studio/toolchain/risc-v embedded gcc/bin/../lib/gcc/riscv-none-embed/8.2.0/../../../../riscv-none-embed/lib/rv32imac/ilp32\libg_nano.a(lib_a-gdtoa-gethex.o)
                0x00000000000078c8                __gethex
 .text.L_shift  0x0000000000007d92       0x2c c:/mounriver/mounriver_studio/toolchain/risc-v embedded gcc/bin/../lib/gcc/riscv-none-embed/8.2.0/../../../../riscv-none-embed/lib/rv32imac/ilp32\libg_nano.a(lib_a-gdtoa-hexnan.o)
 .text.__match  0x0000000000007dbe       0x30 c:/mounriver/mounriver_studio/toolchain/risc-v embedded gcc/bin/../lib/gcc/riscv-none-embed/8.2.0/../../../../riscv-none-embed/lib/rv32imac/ilp32\libg_nano.a(lib_a-gdtoa-hexnan.o)
                0x0000000000007dbe                __match
 .text.__hexnan
                0x0000000000007dee      0x160 c:/mounriver/mounriver_studio/toolchain/risc-v embedded gcc/bin/../lib/gcc/riscv-none-embed/8.2.0/../../../../riscv-none-embed/lib/rv32imac/ilp32\libg_nano.a(lib_a-gdtoa-hexnan.o)
                0x0000000000007dee                __hexnan
 .text.__locale_ctype_ptr_l
                0x0000000000007f4e        0x6 c:/mounriver/mounriver_studio/toolchain/risc-v embedded gcc/bin/../lib/gcc/riscv-none-embed/8.2.0/../../../../riscv-none-embed/lib/rv32imac/ilp32\libg_nano.a(lib_a-locale.o)
                0x0000000000007f4e                __locale_ctype_ptr_l
 .text.__localeconv_l
                0x0000000000007f54        0x6 c:/mounriver/mounriver_studio/toolchain/risc-v embedded gcc/bin/../lib/gcc/riscv-none-embed/8.2.0/../../../../riscv-none-embed/lib/rv32imac/ilp32\libg_nano.a(lib_a-localeconv.o)
                0x0000000000007f54                __localeconv_l
 .text._localeconv_r
                0x0000000000007f5a       0x1c c:/mounriver/mounriver_studio/toolchain/risc-v embedded gcc/bin/../lib/gcc/riscv-none-embed/8.2.0/../../../../riscv-none-embed/lib/rv32imac/ilp32\libg_nano.a(lib_a-localeconv.o)
                0x0000000000007f5a                _localeconv_r
 .text.malloc   0x0000000000007f76       0x10 c:/mounriver/mounriver_studio/toolchain/risc-v embedded gcc/bin/../lib/gcc/riscv-none-embed/8.2.0/../../../../riscv-none-embed/lib/rv32imac/ilp32\libg_nano.a(lib_a-malloc.o)
                0x0000000000007f76                malloc
 .text.__ascii_mbtowc
                0x0000000000007f86       0x3a c:/mounriver/mounriver_studio/toolchain/risc-v embedded gcc/bin/../lib/gcc/riscv-none-embed/8.2.0/../../../../riscv-none-embed/lib/rv32imac/ilp32\libg_nano.a(lib_a-mbtowc_r.o)
                0x0000000000007f86                __ascii_mbtowc
 .text.memchr   0x0000000000007fc0       0x1a c:/mounriver/mounriver_studio/toolchain/risc-v embedded gcc/bin/../lib/gcc/riscv-none-embed/8.2.0/../../../../riscv-none-embed/lib/rv32imac/ilp32\libg_nano.a(lib_a-memchr.o)
                0x0000000000007fc0                memchr
 .text.memcpy   0x0000000000007fda       0xb6 c:/mounriver/mounriver_studio/toolchain/risc-v embedded gcc/bin/../lib/gcc/riscv-none-embed/8.2.0/../../../../riscv-none-embed/lib/rv32imac/ilp32\libg_nano.a(lib_a-memcpy.o)
                0x0000000000007fda                memcpy
 .text._Balloc  0x0000000000008090       0x8c c:/mounriver/mounriver_studio/toolchain/risc-v embedded gcc/bin/../lib/gcc/riscv-none-embed/8.2.0/../../../../riscv-none-embed/lib/rv32imac/ilp32\libg_nano.a(lib_a-mprec.o)
                0x0000000000008090                _Balloc
 .text._Bfree   0x000000000000811c       0x44 c:/mounriver/mounriver_studio/toolchain/risc-v embedded gcc/bin/../lib/gcc/riscv-none-embed/8.2.0/../../../../riscv-none-embed/lib/rv32imac/ilp32\libg_nano.a(lib_a-mprec.o)
                0x000000000000811c                _Bfree
 .text.__multadd
                0x0000000000008160       0x98 c:/mounriver/mounriver_studio/toolchain/risc-v embedded gcc/bin/../lib/gcc/riscv-none-embed/8.2.0/../../../../riscv-none-embed/lib/rv32imac/ilp32\libg_nano.a(lib_a-mprec.o)
                0x0000000000008160                __multadd
 .text.__s2b    0x00000000000081f8       0xa6 c:/mounriver/mounriver_studio/toolchain/risc-v embedded gcc/bin/../lib/gcc/riscv-none-embed/8.2.0/../../../../riscv-none-embed/lib/rv32imac/ilp32\libg_nano.a(lib_a-mprec.o)
                0x00000000000081f8                __s2b
 .text.__hi0bits
                0x000000000000829e       0x46 c:/mounriver/mounriver_studio/toolchain/risc-v embedded gcc/bin/../lib/gcc/riscv-none-embed/8.2.0/../../../../riscv-none-embed/lib/rv32imac/ilp32\libg_nano.a(lib_a-mprec.o)
                0x000000000000829e                __hi0bits
 .text.__lo0bits
                0x00000000000082e4       0x6a c:/mounriver/mounriver_studio/toolchain/risc-v embedded gcc/bin/../lib/gcc/riscv-none-embed/8.2.0/../../../../riscv-none-embed/lib/rv32imac/ilp32\libg_nano.a(lib_a-mprec.o)
                0x00000000000082e4                __lo0bits
 .text.__i2b    0x000000000000834e       0x1c c:/mounriver/mounriver_studio/toolchain/risc-v embedded gcc/bin/../lib/gcc/riscv-none-embed/8.2.0/../../../../riscv-none-embed/lib/rv32imac/ilp32\libg_nano.a(lib_a-mprec.o)
                0x000000000000834e                __i2b
 .text.__multiply
                0x000000000000836a      0x144 c:/mounriver/mounriver_studio/toolchain/risc-v embedded gcc/bin/../lib/gcc/riscv-none-embed/8.2.0/../../../../riscv-none-embed/lib/rv32imac/ilp32\libg_nano.a(lib_a-mprec.o)
                0x000000000000836a                __multiply
 .text.__pow5mult
                0x00000000000084ae       0xbe c:/mounriver/mounriver_studio/toolchain/risc-v embedded gcc/bin/../lib/gcc/riscv-none-embed/8.2.0/../../../../riscv-none-embed/lib/rv32imac/ilp32\libg_nano.a(lib_a-mprec.o)
                0x00000000000084ae                __pow5mult
 .text.__lshift
                0x000000000000856c       0xce c:/mounriver/mounriver_studio/toolchain/risc-v embedded gcc/bin/../lib/gcc/riscv-none-embed/8.2.0/../../../../riscv-none-embed/lib/rv32imac/ilp32\libg_nano.a(lib_a-mprec.o)
                0x000000000000856c                __lshift
 .text.__mcmp   0x000000000000863a       0x32 c:/mounriver/mounriver_studio/toolchain/risc-v embedded gcc/bin/../lib/gcc/riscv-none-embed/8.2.0/../../../../riscv-none-embed/lib/rv32imac/ilp32\libg_nano.a(lib_a-mprec.o)
                0x000000000000863a                __mcmp
 .text.__mdiff  0x000000000000866c       0xf2 c:/mounriver/mounriver_studio/toolchain/risc-v embedded gcc/bin/../lib/gcc/riscv-none-embed/8.2.0/../../../../riscv-none-embed/lib/rv32imac/ilp32\libg_nano.a(lib_a-mprec.o)
                0x000000000000866c                __mdiff
 .text.__ulp    0x000000000000875e       0x46 c:/mounriver/mounriver_studio/toolchain/risc-v embedded gcc/bin/../lib/gcc/riscv-none-embed/8.2.0/../../../../riscv-none-embed/lib/rv32imac/ilp32\libg_nano.a(lib_a-mprec.o)
                0x000000000000875e                __ulp
 .text.__b2d    0x00000000000087a4       0xb4 c:/mounriver/mounriver_studio/toolchain/risc-v embedded gcc/bin/../lib/gcc/riscv-none-embed/8.2.0/../../../../riscv-none-embed/lib/rv32imac/ilp32\libg_nano.a(lib_a-mprec.o)
                0x00000000000087a4                __b2d
 .text.__d2b    0x0000000000008858       0xd4 c:/mounriver/mounriver_studio/toolchain/risc-v embedded gcc/bin/../lib/gcc/riscv-none-embed/8.2.0/../../../../riscv-none-embed/lib/rv32imac/ilp32\libg_nano.a(lib_a-mprec.o)
                0x0000000000008858                __d2b
 .text.__ratio  0x000000000000892c       0x74 c:/mounriver/mounriver_studio/toolchain/risc-v embedded gcc/bin/../lib/gcc/riscv-none-embed/8.2.0/../../../../riscv-none-embed/lib/rv32imac/ilp32\libg_nano.a(lib_a-mprec.o)
                0x000000000000892c                __ratio
 .text.__copybits
                0x00000000000089a0       0x36 c:/mounriver/mounriver_studio/toolchain/risc-v embedded gcc/bin/../lib/gcc/riscv-none-embed/8.2.0/../../../../riscv-none-embed/lib/rv32imac/ilp32\libg_nano.a(lib_a-mprec.o)
                0x00000000000089a0                __copybits
 .text.__any_on
                0x00000000000089d6       0x46 c:/mounriver/mounriver_studio/toolchain/risc-v embedded gcc/bin/../lib/gcc/riscv-none-embed/8.2.0/../../../../riscv-none-embed/lib/rv32imac/ilp32\libg_nano.a(lib_a-mprec.o)
                0x00000000000089d6                __any_on
 .text._calloc_r
                0x0000000000008a1c       0x26 c:/mounriver/mounriver_studio/toolchain/risc-v embedded gcc/bin/../lib/gcc/riscv-none-embed/8.2.0/../../../../riscv-none-embed/lib/rv32imac/ilp32\libg_nano.a(lib_a-nano-callocr.o)
                0x0000000000008a1c                _calloc_r
 .text._free_r  0x0000000000008a42       0xa4 c:/mounriver/mounriver_studio/toolchain/risc-v embedded gcc/bin/../lib/gcc/riscv-none-embed/8.2.0/../../../../riscv-none-embed/lib/rv32imac/ilp32\libg_nano.a(lib_a-nano-freer.o)
                0x0000000000008a42                _free_r
 .text._malloc_r
                0x0000000000008ae6       0xce c:/mounriver/mounriver_studio/toolchain/risc-v embedded gcc/bin/../lib/gcc/riscv-none-embed/8.2.0/../../../../riscv-none-embed/lib/rv32imac/ilp32\libg_nano.a(lib_a-nano-mallocr.o)
                0x0000000000008ae6                _malloc_r
 .text.__ssputs_r
                0x0000000000008bb4       0xea c:/mounriver/mounriver_studio/toolchain/risc-v embedded gcc/bin/../lib/gcc/riscv-none-embed/8.2.0/../../../../riscv-none-embed/lib/rv32imac/ilp32\libg_nano.a(lib_a-nano-svfprintf.o)
                0x0000000000008bb4                __ssputs_r
 .text._svfprintf_r
                0x0000000000008c9e      0x27e c:/mounriver/mounriver_studio/toolchain/risc-v embedded gcc/bin/../lib/gcc/riscv-none-embed/8.2.0/../../../../riscv-none-embed/lib/rv32imac/ilp32\libg_nano.a(lib_a-nano-svfprintf.o)
                0x0000000000008c9e                _svfiprintf_r
                0x0000000000008c9e                _svfprintf_r
 .text._sbrk_r  0x0000000000008f1c       0x2a c:/mounriver/mounriver_studio/toolchain/risc-v embedded gcc/bin/../lib/gcc/riscv-none-embed/8.2.0/../../../../riscv-none-embed/lib/rv32imac/ilp32\libg_nano.a(lib_a-sbrkr.o)
                0x0000000000008f1c                _sbrk_r
 .text.strncmp  0x0000000000008f46       0x2c c:/mounriver/mounriver_studio/toolchain/risc-v embedded gcc/bin/../lib/gcc/riscv-none-embed/8.2.0/../../../../riscv-none-embed/lib/rv32imac/ilp32\libg_nano.a(lib_a-strncmp.o)
                0x0000000000008f46                strncmp
 .text.__ascii_wctomb
                0x0000000000008f72       0x20 c:/mounriver/mounriver_studio/toolchain/risc-v embedded gcc/bin/../lib/gcc/riscv-none-embed/8.2.0/../../../../riscv-none-embed/lib/rv32imac/ilp32\libg_nano.a(lib_a-wctomb_r.o)
                0x0000000000008f72                __ascii_wctomb
 .text.memmove  0x0000000000008f92       0x4a c:/mounriver/mounriver_studio/toolchain/risc-v embedded gcc/bin/../lib/gcc/riscv-none-embed/8.2.0/../../../../riscv-none-embed/lib/rv32imac/ilp32\libg_nano.a(lib_a-memmove.o)
                0x0000000000008f92                memmove
 .text.__malloc_lock
                0x0000000000008fdc        0x2 c:/mounriver/mounriver_studio/toolchain/risc-v embedded gcc/bin/../lib/gcc/riscv-none-embed/8.2.0/../../../../riscv-none-embed/lib/rv32imac/ilp32\libg_nano.a(lib_a-mlock.o)
                0x0000000000008fdc                __malloc_lock
 .text.__malloc_unlock
                0x0000000000008fde        0x2 c:/mounriver/mounriver_studio/toolchain/risc-v embedded gcc/bin/../lib/gcc/riscv-none-embed/8.2.0/../../../../riscv-none-embed/lib/rv32imac/ilp32\libg_nano.a(lib_a-mlock.o)
                0x0000000000008fde                __malloc_unlock
 .text._realloc_r
                0x0000000000008fe0       0x58 c:/mounriver/mounriver_studio/toolchain/risc-v embedded gcc/bin/../lib/gcc/riscv-none-embed/8.2.0/../../../../riscv-none-embed/lib/rv32imac/ilp32\libg_nano.a(lib_a-nano-reallocr.o)
                0x0000000000008fe0                _realloc_r
 .text._malloc_usable_size_r
                0x0000000000009038       0x14 c:/mounriver/mounriver_studio/toolchain/risc-v embedded gcc/bin/../lib/gcc/riscv-none-embed/8.2.0/../../../../riscv-none-embed/lib/rv32imac/ilp32\libg_nano.a(lib_a-nano-msizer.o)
                0x0000000000009038                _malloc_usable_size_r
 .text.__eqdf2  0x000000000000904c       0x6a c:/mounriver/mounriver_studio/toolchain/risc-v embedded gcc/bin/../lib/gcc/riscv-none-embed/8.2.0/rv32imac/ilp32\libgcc.a(eqdf2.o)
                0x000000000000904c                __nedf2
                0x000000000000904c                __eqdf2
 .text.__gedf2  0x00000000000090b6       0xae c:/mounriver/mounriver_studio/toolchain/risc-v embedded gcc/bin/../lib/gcc/riscv-none-embed/8.2.0/rv32imac/ilp32\libgcc.a(gedf2.o)
                0x00000000000090b6                __gedf2
                0x00000000000090b6                __gtdf2
 .text.__ledf2  0x0000000000009164       0xb6 c:/mounriver/mounriver_studio/toolchain/risc-v embedded gcc/bin/../lib/gcc/riscv-none-embed/8.2.0/rv32imac/ilp32\libgcc.a(ledf2.o)
                0x0000000000009164                __ledf2
                0x0000000000009164                __ltdf2
 .text.__unorddf2
                0x000000000000921a       0x3c c:/mounriver/mounriver_studio/toolchain/risc-v embedded gcc/bin/../lib/gcc/riscv-none-embed/8.2.0/rv32imac/ilp32\libgcc.a(unorddf2.o)
                0x000000000000921a                __unorddf2
 .text.__fixdfsi
                0x0000000000009256       0x68 c:/mounriver/mounriver_studio/toolchain/risc-v embedded gcc/bin/../lib/gcc/riscv-none-embed/8.2.0/rv32imac/ilp32\libgcc.a(fixdfsi.o)
                0x0000000000009256                __fixdfsi
 .text.__fixunsdfsi
                0x00000000000092be       0x5c c:/mounriver/mounriver_studio/toolchain/risc-v embedded gcc/bin/../lib/gcc/riscv-none-embed/8.2.0/rv32imac/ilp32\libgcc.a(fixunsdfsi.o)
                0x00000000000092be                __fixunsdfsi
 .text.__floatunsidf
                0x000000000000931a       0x68 c:/mounriver/mounriver_studio/toolchain/risc-v embedded gcc/bin/../lib/gcc/riscv-none-embed/8.2.0/rv32imac/ilp32\libgcc.a(floatunsidf.o)
                0x000000000000931a                __floatunsidf
 .text.__extenddftf2
                0x0000000000009382      0x1a4 c:/mounriver/mounriver_studio/toolchain/risc-v embedded gcc/bin/../lib/gcc/riscv-none-embed/8.2.0/rv32imac/ilp32\libgcc.a(extenddftf2.o)
                0x0000000000009382                __extenddftf2
 .text.__trunctfdf2
                0x0000000000009526      0x21e c:/mounriver/mounriver_studio/toolchain/risc-v embedded gcc/bin/../lib/gcc/riscv-none-embed/8.2.0/rv32imac/ilp32\libgcc.a(trunctfdf2.o)
                0x0000000000009526                __trunctfdf2
 .text._sbrk    0x0000000000009744       0x20 c:/mounriver/mounriver_studio/toolchain/risc-v embedded gcc/bin/../lib/gcc/riscv-none-embed/8.2.0/../../../../riscv-none-embed/lib/rv32imac/ilp32\libnosys.a(sbrk.o)
                0x0000000000009744                _sbrk
 *(.rodata)
 *(.rodata*)
 *fill*         0x0000000000009764        0x0 
 .rodata.main.cst4
                0x0000000000009764        0x4 ./src/Main.o
 .rodata.CFB    0x0000000000009768       0x1c ./src/onewire.o
 .rodata.COS_Factor
                0x0000000000009784       0x20 ./src/onewire.o
 *fill*         0x00000000000097a4        0x4 
 .rodata.caprangetocfbcfg.cst8
                0x00000000000097a8        0x8 ./src/onewire.o
 .rodata.cfbcfgtocaprange.cst4
                0x00000000000097b0        0x4 ./src/onewire.o
 *fill*         0x00000000000097b4        0x4 
 .rodata.cfbcfgtocaprange.cst8
                0x00000000000097b8        0x8 ./src/onewire.o
 .rodata.check_ack.str1.4
                0x00000000000097c0       0x50 ./src/onewire.o
 .rodata.mdc02_capconfigurefs.cst8
                0x0000000000009810        0x8 ./src/onewire.o
 .rodata.mdc02_capconfigureoffset.cst4
                0x0000000000009818        0x4 ./src/onewire.o
 .rodata.mdc02_capconfigurerange.cst4
                0x000000000000981c        0x4 ./src/onewire.o
 .rodata.mdc02_offset.str1.4
                0x0000000000009820       0x2c ./src/onewire.o
 *fill*         0x000000000000984c        0x4 
 .rodata.mdc02_outputtocap.cst8
                0x0000000000009850       0x10 ./src/onewire.o
 .rodata.mdc02_range.cst4
                0x0000000000009860        0x8 ./src/onewire.o
 .rodata.onewire_resetcheck.str1.4
                0x0000000000009868        0x7 ./src/onewire.o
 *fill*         0x000000000000986f        0x1 
 .rodata.read_cap.str1.4
                0x0000000000009870       0x4e ./src/onewire.o
                                         0x52 (size before relaxing)
 *fill*         0x00000000000098be        0x2 
 .rodata.GPIOA_ModeCfg
                0x00000000000098c0       0x14 ./StdPeriphDriver/CH58x_gpio.o
 .rodata.print.str1.4
                0x00000000000098d4        0x7 c:/mounriver/mounriver_studio/toolchain/risc-v embedded gcc/bin/../lib/gcc/riscv-none-embed/8.2.0/../../../../riscv-none-embed/lib/rv32imac/ilp32\libprintfloat.a(printfloat.o)
 *fill*         0x00000000000098db        0x1 
 .rodata.__divdf3
                0x00000000000098dc       0x40 c:/mounriver/mounriver_studio/toolchain/risc-v embedded gcc/bin/../lib/gcc/riscv-none-embed/8.2.0/rv32imac/ilp32\libgcc.a(divdf3.o)
 .rodata.__muldf3
                0x000000000000991c       0x40 c:/mounriver/mounriver_studio/toolchain/risc-v embedded gcc/bin/../lib/gcc/riscv-none-embed/8.2.0/rv32imac/ilp32\libgcc.a(muldf3.o)
 .rodata.__mulsf3
                0x000000000000995c       0x40 c:/mounriver/mounriver_studio/toolchain/risc-v embedded gcc/bin/../lib/gcc/riscv-none-embed/8.2.0/rv32imac/ilp32\libgcc.a(mulsf3.o)
 .rodata.__clz_tab
                0x000000000000999c      0x100 c:/mounriver/mounriver_studio/toolchain/risc-v embedded gcc/bin/../lib/gcc/riscv-none-embed/8.2.0/rv32imac/ilp32\libgcc.a(_clz.o)
                0x000000000000999c                __clz_tab
 *fill*         0x0000000000009a9c        0x4 
 .rodata._printf_float.cst8
                0x0000000000009aa0        0x8 c:/mounriver/mounriver_studio/toolchain/risc-v embedded gcc/bin/../lib/gcc/riscv-none-embed/8.2.0/../../../../riscv-none-embed/lib/rv32imac/ilp32\libg_nano.a(lib_a-nano-vfprintf_float.o)
 .rodata._printf_float.str1.4
                0x0000000000009aa8       0x12 c:/mounriver/mounriver_studio/toolchain/risc-v embedded gcc/bin/../lib/gcc/riscv-none-embed/8.2.0/../../../../riscv-none-embed/lib/rv32imac/ilp32\libg_nano.a(lib_a-nano-vfprintf_float.o)
 *fill*         0x0000000000009aba        0x2 
 .rodata._printf_i.str1.4
                0x0000000000009abc       0x25 c:/mounriver/mounriver_studio/toolchain/risc-v embedded gcc/bin/../lib/gcc/riscv-none-embed/8.2.0/../../../../riscv-none-embed/lib/rv32imac/ilp32\libg_nano.a(lib_a-nano-vfprintf_i.o)
 *fill*         0x0000000000009ae1        0x3 
 .rodata._scanf_float.str1.4
                0x0000000000009ae4        0x5 c:/mounriver/mounriver_studio/toolchain/risc-v embedded gcc/bin/../lib/gcc/riscv-none-embed/8.2.0/../../../../riscv-none-embed/lib/rv32imac/ilp32\libg_nano.a(lib_a-nano-vfscanf_float.o)
 *fill*         0x0000000000009ae9        0x3 
 .rodata.nanf.cst4
                0x0000000000009aec        0x4 c:/mounriver/mounriver_studio/toolchain/risc-v embedded gcc/bin/../lib/gcc/riscv-none-embed/8.2.0/../../../../riscv-none-embed/lib/rv32imac/ilp32\libg_nano.a(lib_a-sf_nan.o)
 .rodata._strtod_l
                0x0000000000009af0       0x14 c:/mounriver/mounriver_studio/toolchain/risc-v embedded gcc/bin/../lib/gcc/riscv-none-embed/8.2.0/../../../../riscv-none-embed/lib/rv32imac/ilp32\libg_nano.a(lib_a-strtod.o)
 *fill*         0x0000000000009b04        0x4 
 .rodata._strtod_l.cst8
                0x0000000000009b08       0x30 c:/mounriver/mounriver_studio/toolchain/risc-v embedded gcc/bin/../lib/gcc/riscv-none-embed/8.2.0/../../../../riscv-none-embed/lib/rv32imac/ilp32\libg_nano.a(lib_a-strtod.o)
                                         0x38 (size before relaxing)
 .rodata._strtod_l.str1.4
                0x0000000000009b38        0xf c:/mounriver/mounriver_studio/toolchain/risc-v embedded gcc/bin/../lib/gcc/riscv-none-embed/8.2.0/../../../../riscv-none-embed/lib/rv32imac/ilp32\libg_nano.a(lib_a-strtod.o)
 *fill*         0x0000000000009b47        0x1 
 .rodata.fpi.3395
                0x0000000000009b48       0x14 c:/mounriver/mounriver_studio/toolchain/risc-v embedded gcc/bin/../lib/gcc/riscv-none-embed/8.2.0/../../../../riscv-none-embed/lib/rv32imac/ilp32\libg_nano.a(lib_a-strtod.o)
 .rodata.fpinan.3431
                0x0000000000009b5c       0x14 c:/mounriver/mounriver_studio/toolchain/risc-v embedded gcc/bin/../lib/gcc/riscv-none-embed/8.2.0/../../../../riscv-none-embed/lib/rv32imac/ilp32\libg_nano.a(lib_a-strtod.o)
 .rodata.tinytens
                0x0000000000009b70       0x28 c:/mounriver/mounriver_studio/toolchain/risc-v embedded gcc/bin/../lib/gcc/riscv-none-embed/8.2.0/../../../../riscv-none-embed/lib/rv32imac/ilp32\libg_nano.a(lib_a-strtod.o)
 .rodata._dtoa_r.cst8
                0x0000000000009b98       0x38 c:/mounriver/mounriver_studio/toolchain/risc-v embedded gcc/bin/../lib/gcc/riscv-none-embed/8.2.0/../../../../riscv-none-embed/lib/rv32imac/ilp32\libg_nano.a(lib_a-dtoa.o)
                                         0x48 (size before relaxing)
 .rodata._dtoa_r.str1.4
                0x0000000000009bd0       0x10 c:/mounriver/mounriver_studio/toolchain/risc-v embedded gcc/bin/../lib/gcc/riscv-none-embed/8.2.0/../../../../riscv-none-embed/lib/rv32imac/ilp32\libg_nano.a(lib_a-dtoa.o)
                                         0x12 (size before relaxing)
 .rodata._setlocale_r.str1.4
                0x0000000000009be0        0xa c:/mounriver/mounriver_studio/toolchain/risc-v embedded gcc/bin/../lib/gcc/riscv-none-embed/8.2.0/../../../../riscv-none-embed/lib/rv32imac/ilp32\libg_nano.a(lib_a-locale.o)
                                          0xd (size before relaxing)
 *fill*         0x0000000000009bea        0x2 
 .rodata.str1.4
                0x0000000000009bec        0x2 c:/mounriver/mounriver_studio/toolchain/risc-v embedded gcc/bin/../lib/gcc/riscv-none-embed/8.2.0/../../../../riscv-none-embed/lib/rv32imac/ilp32\libg_nano.a(lib_a-locale.o)
 *fill*         0x0000000000009bee        0x2 
 .rodata.__mprec_bigtens
                0x0000000000009bf0       0x28 c:/mounriver/mounriver_studio/toolchain/risc-v embedded gcc/bin/../lib/gcc/riscv-none-embed/8.2.0/../../../../riscv-none-embed/lib/rv32imac/ilp32\libg_nano.a(lib_a-mprec.o)
                0x0000000000009bf0                __mprec_bigtens
 .rodata.__mprec_tens
                0x0000000000009c18       0xc8 c:/mounriver/mounriver_studio/toolchain/risc-v embedded gcc/bin/../lib/gcc/riscv-none-embed/8.2.0/../../../../riscv-none-embed/lib/rv32imac/ilp32\libg_nano.a(lib_a-mprec.o)
                0x0000000000009c18                __mprec_tens
 .rodata.p05.3319
                0x0000000000009ce0        0xc c:/mounriver/mounriver_studio/toolchain/risc-v embedded gcc/bin/../lib/gcc/riscv-none-embed/8.2.0/../../../../riscv-none-embed/lib/rv32imac/ilp32\libg_nano.a(lib_a-mprec.o)
 .rodata._svfprintf_r.str1.4
                0x0000000000009cec       0x14 c:/mounriver/mounriver_studio/toolchain/risc-v embedded gcc/bin/../lib/gcc/riscv-none-embed/8.2.0/../../../../riscv-none-embed/lib/rv32imac/ilp32\libg_nano.a(lib_a-nano-svfprintf.o)
                                         0x13 (size before relaxing)
 .rodata._ctype_
                0x0000000000009d00      0x101 c:/mounriver/mounriver_studio/toolchain/risc-v embedded gcc/bin/../lib/gcc/riscv-none-embed/8.2.0/../../../../riscv-none-embed/lib/rv32imac/ilp32\libg_nano.a(lib_a-ctype_.o)
                0x0000000000009d00                _ctype_
 *(.sdata2.*)
 *(.glue_7)
 *(.glue_7t)
 *(.gnu.linkonce.t.*)
                0x0000000000009e04                . = ALIGN (0x4)
 *fill*         0x0000000000009e01        0x3 

.rela.dyn       0x0000000000009e04        0x0
 .rela.highcode
                0x0000000000009e04        0x0 ./src/Main.o
 .rela.text.read_cap
                0x0000000000009e04        0x0 ./src/Main.o
 .rela.text.mdc02_range
                0x0000000000009e04        0x0 ./src/Main.o
 .rela.init     0x0000000000009e04        0x0 ./src/Main.o
 .rela.vector   0x0000000000009e04        0x0 ./src/Main.o
 .rela.handle_reset
                0x0000000000009e04        0x0 ./src/Main.o
 .rela.data.impure_data
                0x0000000000009e04        0x0 ./src/Main.o
 .rela.text._svfprintf_r
                0x0000000000009e04        0x0 ./src/Main.o
 .rela.text._sbrk_r
                0x0000000000009e04        0x0 ./src/Main.o
 .rela.text._sbrk
                0x0000000000009e04        0x0 ./src/Main.o

.fini           0x0000000000009e04        0x0
 *(SORT_NONE(.fini))
                0x0000000000009e04                . = ALIGN (0x4)
                [!provide]                        PROVIDE (_etext = .)
                [!provide]                        PROVIDE (_eitcm = .)

.preinit_array  0x0000000000009e04        0x0
                [!provide]                        PROVIDE (__preinit_array_start = .)
 *(.preinit_array)
                [!provide]                        PROVIDE (__preinit_array_end = .)

.init_array     0x0000000000009e04        0x0
                [!provide]                        PROVIDE (__init_array_start = .)
 *(SORT_BY_INIT_PRIORITY(.init_array.*) SORT_BY_INIT_PRIORITY(.ctors.*))
 *(.init_array EXCLUDE_FILE(*crtend?.o *crtend.o *crtbegin?.o *crtbegin.o) .ctors)
                [!provide]                        PROVIDE (__init_array_end = .)

.fini_array     0x0000000000009e04        0x0
                [!provide]                        PROVIDE (__fini_array_start = .)
 *(SORT_BY_INIT_PRIORITY(.fini_array.*) SORT_BY_INIT_PRIORITY(.dtors.*))
 *(.fini_array EXCLUDE_FILE(*crtend?.o *crtend.o *crtbegin?.o *crtbegin.o) .dtors)
                [!provide]                        PROVIDE (__fini_array_end = .)

.ctors
 *crtbegin.o(.ctors)
 *crtbegin?.o(.ctors)
 *(EXCLUDE_FILE(*crtend?.o *crtend.o) .ctors)
 *(SORT_BY_NAME(.ctors.*))
 *(.ctors)

.dtors
 *crtbegin.o(.dtors)
 *crtbegin?.o(.dtors)
 *(EXCLUDE_FILE(*crtend?.o *crtend.o) .dtors)
 *(SORT_BY_NAME(.dtors.*))
 *(.dtors)

.dalign         0x00000000200007bc       0x44 load address 0x0000000000009e04
                0x0000000020000800                . = (ORIGIN (RAM) + MAX (0x800, SIZEOF (.highcode)))
 *fill*         0x00000000200007bc       0x44 

.dlalign        0x0000000000009e04        0x0
                0x0000000000009e04                . = ALIGN (0x4)
                0x0000000000009e04                PROVIDE (_data_lma = .)

.data           0x0000000020000800      0x1d8 load address 0x0000000000009e04
                0x0000000020000800                . = ALIGN (0x4)
                0x0000000020000800                PROVIDE (_data_vma = .)
 *(.gnu.linkonce.r.*)
 *(.data .data.*)
 .data.impure_data
                0x0000000020000800       0x60 c:/mounriver/mounriver_studio/toolchain/risc-v embedded gcc/bin/../lib/gcc/riscv-none-embed/8.2.0/../../../../riscv-none-embed/lib/rv32imac/ilp32\libg_nano.a(lib_a-impure.o)
 .data.__global_locale
                0x0000000020000860      0x16c c:/mounriver/mounriver_studio/toolchain/risc-v embedded gcc/bin/../lib/gcc/riscv-none-embed/8.2.0/../../../../riscv-none-embed/lib/rv32imac/ilp32\libg_nano.a(lib_a-locale.o)
                0x0000000020000860                __global_locale
 *(.gnu.linkonce.d.*)
                0x00000000200009d0                . = ALIGN (0x8)
 *fill*         0x00000000200009cc        0x4 
                0x00000000200011d0                PROVIDE (__global_pointer$ = (. + 0x800))
 *(.sdata .sdata.*)
 .sdata._impure_ptr
                0x00000000200009d0        0x4 c:/mounriver/mounriver_studio/toolchain/risc-v embedded gcc/bin/../lib/gcc/riscv-none-embed/8.2.0/../../../../riscv-none-embed/lib/rv32imac/ilp32\libg_nano.a(lib_a-impure.o)
                0x00000000200009d0                _impure_ptr
 *(.gnu.linkonce.s.*)
                0x00000000200009d8                . = ALIGN (0x8)
 *fill*         0x00000000200009d4        0x4 
 *(.srodata.cst16)
 *(.srodata.cst8)
 *(.srodata.cst4)
 *(.srodata.cst2)
 *(.srodata .srodata.*)
                0x00000000200009d8                . = ALIGN (0x4)
                0x00000000200009d8                PROVIDE (_edata = .)

.bss            0x00000000200009d8       0x9c load address 0x0000000000009fdc
                0x00000000200009d8                . = ALIGN (0x4)
                0x00000000200009d8                PROVIDE (_sbss = .)
 *(.sbss*)
 .sbss.ow_flag_timerout
                0x00000000200009d8        0x4 ./src/onewire.o
 .sbss.__malloc_free_list
                0x00000000200009dc        0x4 c:/mounriver/mounriver_studio/toolchain/risc-v embedded gcc/bin/../lib/gcc/riscv-none-embed/8.2.0/../../../../riscv-none-embed/lib/rv32imac/ilp32\libg_nano.a(lib_a-nano-mallocr.o)
                0x00000000200009dc                __malloc_free_list
 .sbss.__malloc_sbrk_start
                0x00000000200009e0        0x4 c:/mounriver/mounriver_studio/toolchain/risc-v embedded gcc/bin/../lib/gcc/riscv-none-embed/8.2.0/../../../../riscv-none-embed/lib/rv32imac/ilp32\libg_nano.a(lib_a-nano-mallocr.o)
                0x00000000200009e0                __malloc_sbrk_start
 .sbss.heap_end.1518
                0x00000000200009e4        0x4 c:/mounriver/mounriver_studio/toolchain/risc-v embedded gcc/bin/../lib/gcc/riscv-none-embed/8.2.0/../../../../riscv-none-embed/lib/rv32imac/ilp32\libnosys.a(sbrk.o)
 *(.gnu.linkonce.sb.*)
 *(.bss*)
 *(.gnu.linkonce.b.*)
 *(COMMON*)
 COMMON         0x00000000200009e8       0x68 ./src/Main.o
                0x00000000200009e8                trigB
                0x00000000200009ec                RxBuff
 COMMON         0x0000000020000a50       0x20 ./src/onewire.o
                0x0000000020000a50                CapCfg_offset
                0x0000000020000a54                crc8
                0x0000000020000a58                LastFamilyDiscrepancy
                0x0000000020000a5c                buffer
                0x0000000020000a5d                CapCfg_Chan
                0x0000000020000a60                CapCfg_range
                0x0000000020000a64                CapCfg_ChanMap
                0x0000000020000a68                LastDeviceFlag
                0x0000000020000a6c                LastDiscrepancy
 COMMON         0x0000000020000a70        0x4 c:/mounriver/mounriver_studio/toolchain/risc-v embedded gcc/bin/../lib/gcc/riscv-none-embed/8.2.0/../../../../riscv-none-embed/lib/rv32imac/ilp32\libg_nano.a(lib_a-reent.o)
                0x0000000020000a70                errno
                0x0000000020000a74                . = ALIGN (0x4)
                0x0000000020000a74                PROVIDE (_ebss = .)
                [!provide]                        PROVIDE (_end = _ebss)
                0x0000000020000a74                PROVIDE (end = .)

.stack          0x0000000020008000        0x0
                0x0000000020008000                . = ALIGN (0x4)
                0x0000000020008000                PROVIDE (_eusrstack = .)
OUTPUT(CH582M-mdc02.elf elf32-littleriscv)

.debug_info     0x0000000000000000     0x792c
 .debug_info    0x0000000000000000      0xfa3 ./src/Main.o
 .debug_info    0x0000000000000fa3     0x2c72 ./src/onewire.o
 .debug_info    0x0000000000003c15      0xe62 ./StdPeriphDriver/CH58x_gpio.o
 .debug_info    0x0000000000004a77     0x12a5 ./StdPeriphDriver/CH58x_sys.o
 .debug_info    0x0000000000005d1c      0xdb4 ./StdPeriphDriver/CH58x_timer0.o
 .debug_info    0x0000000000006ad0      0xe3a ./StdPeriphDriver/CH58x_uart1.o
 .debug_info    0x000000000000790a       0x22 ./Startup/startup_CH583.o

.debug_abbrev   0x0000000000000000     0x13df
 .debug_abbrev  0x0000000000000000      0x2ac ./src/Main.o
 .debug_abbrev  0x00000000000002ac      0x672 ./src/onewire.o
 .debug_abbrev  0x000000000000091e      0x268 ./StdPeriphDriver/CH58x_gpio.o
 .debug_abbrev  0x0000000000000b86      0x368 ./StdPeriphDriver/CH58x_sys.o
 .debug_abbrev  0x0000000000000eee      0x235 ./StdPeriphDriver/CH58x_timer0.o
 .debug_abbrev  0x0000000000001123      0x2aa ./StdPeriphDriver/CH58x_uart1.o
 .debug_abbrev  0x00000000000013cd       0x12 ./Startup/startup_CH583.o

.debug_aranges  0x0000000000000000      0x360
 .debug_aranges
                0x0000000000000000       0x28 ./src/Main.o
 .debug_aranges
                0x0000000000000028      0x1b0 ./src/onewire.o
 .debug_aranges
                0x00000000000001d8       0x48 ./StdPeriphDriver/CH58x_gpio.o
 .debug_aranges
                0x0000000000000220       0x88 ./StdPeriphDriver/CH58x_sys.o
 .debug_aranges
                0x00000000000002a8       0x38 ./StdPeriphDriver/CH58x_timer0.o
 .debug_aranges
                0x00000000000002e0       0x50 ./StdPeriphDriver/CH58x_uart1.o
 .debug_aranges
                0x0000000000000330       0x30 ./Startup/startup_CH583.o

.debug_ranges   0x0000000000000000      0x3e0
 .debug_ranges  0x0000000000000000       0x18 ./src/Main.o
 .debug_ranges  0x0000000000000018      0x288 ./src/onewire.o
 .debug_ranges  0x00000000000002a0       0x38 ./StdPeriphDriver/CH58x_gpio.o
 .debug_ranges  0x00000000000002d8       0x78 ./StdPeriphDriver/CH58x_sys.o
 .debug_ranges  0x0000000000000350       0x28 ./StdPeriphDriver/CH58x_timer0.o
 .debug_ranges  0x0000000000000378       0x40 ./StdPeriphDriver/CH58x_uart1.o
 .debug_ranges  0x00000000000003b8       0x28 ./Startup/startup_CH583.o

.debug_line     0x0000000000000000     0x49ad
 .debug_line    0x0000000000000000      0x3f0 ./src/Main.o
 .debug_line    0x00000000000003f0     0x27c2 ./src/onewire.o
 .debug_line    0x0000000000002bb2      0x704 ./StdPeriphDriver/CH58x_gpio.o
 .debug_line    0x00000000000032b6      0xc69 ./StdPeriphDriver/CH58x_sys.o
 .debug_line    0x0000000000003f1f      0x360 ./StdPeriphDriver/CH58x_timer0.o
 .debug_line    0x000000000000427f      0x547 ./StdPeriphDriver/CH58x_uart1.o
 .debug_line    0x00000000000047c6      0x1e7 ./Startup/startup_CH583.o

.debug_str      0x0000000000000000     0x1859
 .debug_str     0x0000000000000000      0xa9c ./src/Main.o
                                        0xb3e (size before relaxing)
 .debug_str     0x0000000000000a9c      0x95d ./src/onewire.o
                                       0x1322 (size before relaxing)
 .debug_str     0x00000000000013f9      0x100 ./StdPeriphDriver/CH58x_gpio.o
                                        0x9c2 (size before relaxing)
 .debug_str     0x00000000000014f9      0x16d ./StdPeriphDriver/CH58x_sys.o
                                        0xc21 (size before relaxing)
 .debug_str     0x0000000000001666      0x111 ./StdPeriphDriver/CH58x_timer0.o
                                        0x971 (size before relaxing)
 .debug_str     0x0000000000001777       0xbb ./StdPeriphDriver/CH58x_uart1.o
                                        0x967 (size before relaxing)
 .debug_str     0x0000000000001832       0x27 ./Startup/startup_CH583.o
                                         0x5d (size before relaxing)

.comment        0x0000000000000000       0x33
 .comment       0x0000000000000000       0x33 ./src/Main.o
                                         0x34 (size before relaxing)
 .comment       0x0000000000000033       0x34 ./src/onewire.o
 .comment       0x0000000000000033       0x34 ./StdPeriphDriver/CH58x_gpio.o
 .comment       0x0000000000000033       0x34 ./StdPeriphDriver/CH58x_sys.o
 .comment       0x0000000000000033       0x34 ./StdPeriphDriver/CH58x_timer0.o
 .comment       0x0000000000000033       0x34 ./StdPeriphDriver/CH58x_uart1.o
 .comment       0x0000000000000033       0x34 ../StdPeriphDriver\libISP583.a(ISP583.o)
 .comment       0x0000000000000033       0x34 c:/mounriver/mounriver_studio/toolchain/risc-v embedded gcc/bin/../lib/gcc/riscv-none-embed/8.2.0/../../../../riscv-none-embed/lib/rv32imac/ilp32\libprintfloat.a(printfloat.o)
 .comment       0x0000000000000033       0x34 c:/mounriver/mounriver_studio/toolchain/risc-v embedded gcc/bin/../lib/gcc/riscv-none-embed/8.2.0/../../../../riscv-none-embed/lib/rv32imac/ilp32\libprintf.a(wchprintf.o)

.debug_frame    0x0000000000000000     0x1bf0
 .debug_frame   0x0000000000000000       0x44 ./src/Main.o
 .debug_frame   0x0000000000000044      0x774 ./src/onewire.o
 .debug_frame   0x00000000000007b8       0x70 ./StdPeriphDriver/CH58x_gpio.o
 .debug_frame   0x0000000000000828      0x114 ./StdPeriphDriver/CH58x_sys.o
 .debug_frame   0x000000000000093c       0x50 ./StdPeriphDriver/CH58x_timer0.o
 .debug_frame   0x000000000000098c       0x9c ./StdPeriphDriver/CH58x_uart1.o
 .debug_frame   0x0000000000000a28       0x44 c:/mounriver/mounriver_studio/toolchain/risc-v embedded gcc/bin/../lib/gcc/riscv-none-embed/8.2.0/rv32imac/ilp32\libgcc.a(adddf3.o)
 .debug_frame   0x0000000000000a6c       0x50 c:/mounriver/mounriver_studio/toolchain/risc-v embedded gcc/bin/../lib/gcc/riscv-none-embed/8.2.0/rv32imac/ilp32\libgcc.a(divdf3.o)
 .debug_frame   0x0000000000000abc       0x54 c:/mounriver/mounriver_studio/toolchain/risc-v embedded gcc/bin/../lib/gcc/riscv-none-embed/8.2.0/rv32imac/ilp32\libgcc.a(muldf3.o)
 .debug_frame   0x0000000000000b10       0x44 c:/mounriver/mounriver_studio/toolchain/risc-v embedded gcc/bin/../lib/gcc/riscv-none-embed/8.2.0/rv32imac/ilp32\libgcc.a(subdf3.o)
 .debug_frame   0x0000000000000b54       0x38 c:/mounriver/mounriver_studio/toolchain/risc-v embedded gcc/bin/../lib/gcc/riscv-none-embed/8.2.0/rv32imac/ilp32\libgcc.a(floatsidf.o)
 .debug_frame   0x0000000000000b8c       0x20 c:/mounriver/mounriver_studio/toolchain/risc-v embedded gcc/bin/../lib/gcc/riscv-none-embed/8.2.0/rv32imac/ilp32\libgcc.a(fixdfdi.o)
 .debug_frame   0x0000000000000bac       0x40 c:/mounriver/mounriver_studio/toolchain/risc-v embedded gcc/bin/../lib/gcc/riscv-none-embed/8.2.0/rv32imac/ilp32\libgcc.a(floatdidf.o)
 .debug_frame   0x0000000000000bec       0x40 c:/mounriver/mounriver_studio/toolchain/risc-v embedded gcc/bin/../lib/gcc/riscv-none-embed/8.2.0/rv32imac/ilp32\libgcc.a(addsf3.o)
 .debug_frame   0x0000000000000c2c       0x20 c:/mounriver/mounriver_studio/toolchain/risc-v embedded gcc/bin/../lib/gcc/riscv-none-embed/8.2.0/rv32imac/ilp32\libgcc.a(gesf2.o)
 .debug_frame   0x0000000000000c4c       0x20 c:/mounriver/mounriver_studio/toolchain/risc-v embedded gcc/bin/../lib/gcc/riscv-none-embed/8.2.0/rv32imac/ilp32\libgcc.a(lesf2.o)
 .debug_frame   0x0000000000000c6c       0x50 c:/mounriver/mounriver_studio/toolchain/risc-v embedded gcc/bin/../lib/gcc/riscv-none-embed/8.2.0/rv32imac/ilp32\libgcc.a(mulsf3.o)
 .debug_frame   0x0000000000000cbc       0x3c c:/mounriver/mounriver_studio/toolchain/risc-v embedded gcc/bin/../lib/gcc/riscv-none-embed/8.2.0/rv32imac/ilp32\libgcc.a(subsf3.o)
 .debug_frame   0x0000000000000cf8       0x38 c:/mounriver/mounriver_studio/toolchain/risc-v embedded gcc/bin/../lib/gcc/riscv-none-embed/8.2.0/rv32imac/ilp32\libgcc.a(extendsfdf2.o)
 .debug_frame   0x0000000000000d30       0x20 c:/mounriver/mounriver_studio/toolchain/risc-v embedded gcc/bin/../lib/gcc/riscv-none-embed/8.2.0/rv32imac/ilp32\libgcc.a(truncdfsf2.o)
 .debug_frame   0x0000000000000d50       0x20 c:/mounriver/mounriver_studio/toolchain/risc-v embedded gcc/bin/../lib/gcc/riscv-none-embed/8.2.0/rv32imac/ilp32\libgcc.a(_clzsi2.o)
 .debug_frame   0x0000000000000d70       0xbc c:/mounriver/mounriver_studio/toolchain/risc-v embedded gcc/bin/../lib/gcc/riscv-none-embed/8.2.0/../../../../riscv-none-embed/lib/rv32imac/ilp32\libg_nano.a(lib_a-nano-vfprintf_float.o)
 .debug_frame   0x0000000000000e2c       0x8c c:/mounriver/mounriver_studio/toolchain/risc-v embedded gcc/bin/../lib/gcc/riscv-none-embed/8.2.0/../../../../riscv-none-embed/lib/rv32imac/ilp32\libg_nano.a(lib_a-nano-vfprintf_i.o)
 .debug_frame   0x0000000000000eb8       0x60 c:/mounriver/mounriver_studio/toolchain/risc-v embedded gcc/bin/../lib/gcc/riscv-none-embed/8.2.0/../../../../riscv-none-embed/lib/rv32imac/ilp32\libg_nano.a(lib_a-nano-vfscanf_float.o)
 .debug_frame   0x0000000000000f18       0x20 c:/mounriver/mounriver_studio/toolchain/risc-v embedded gcc/bin/../lib/gcc/riscv-none-embed/8.2.0/../../../../riscv-none-embed/lib/rv32imac/ilp32\libg_nano.a(lib_a-sf_nan.o)
 .debug_frame   0x0000000000000f38       0x48 c:/mounriver/mounriver_studio/toolchain/risc-v embedded gcc/bin/../lib/gcc/riscv-none-embed/8.2.0/../../../../riscv-none-embed/lib/rv32imac/ilp32\libg_nano.a(lib_a-sprintf.o)
 .debug_frame   0x0000000000000f80       0x20 c:/mounriver/mounriver_studio/toolchain/risc-v embedded gcc/bin/../lib/gcc/riscv-none-embed/8.2.0/../../../../riscv-none-embed/lib/rv32imac/ilp32\libg_nano.a(lib_a-strlen.o)
 .debug_frame   0x0000000000000fa0      0x154 c:/mounriver/mounriver_studio/toolchain/risc-v embedded gcc/bin/../lib/gcc/riscv-none-embed/8.2.0/../../../../riscv-none-embed/lib/rv32imac/ilp32\libg_nano.a(lib_a-strtod.o)
 .debug_frame   0x00000000000010f4       0x70 c:/mounriver/mounriver_studio/toolchain/risc-v embedded gcc/bin/../lib/gcc/riscv-none-embed/8.2.0/../../../../riscv-none-embed/lib/rv32imac/ilp32\libg_nano.a(lib_a-strtol.o)
 .debug_frame   0x0000000000001164       0x98 c:/mounriver/mounriver_studio/toolchain/risc-v embedded gcc/bin/../lib/gcc/riscv-none-embed/8.2.0/../../../../riscv-none-embed/lib/rv32imac/ilp32\libg_nano.a(lib_a-dtoa.o)
 .debug_frame   0x00000000000011fc       0x84 c:/mounriver/mounriver_studio/toolchain/risc-v embedded gcc/bin/../lib/gcc/riscv-none-embed/8.2.0/../../../../riscv-none-embed/lib/rv32imac/ilp32\libg_nano.a(lib_a-gdtoa-gethex.o)
 .debug_frame   0x0000000000001280       0x80 c:/mounriver/mounriver_studio/toolchain/risc-v embedded gcc/bin/../lib/gcc/riscv-none-embed/8.2.0/../../../../riscv-none-embed/lib/rv32imac/ilp32\libg_nano.a(lib_a-gdtoa-hexnan.o)
 .debug_frame   0x0000000000001300       0x78 c:/mounriver/mounriver_studio/toolchain/risc-v embedded gcc/bin/../lib/gcc/riscv-none-embed/8.2.0/../../../../riscv-none-embed/lib/rv32imac/ilp32\libg_nano.a(lib_a-locale.o)
 .debug_frame   0x0000000000001378       0x40 c:/mounriver/mounriver_studio/toolchain/risc-v embedded gcc/bin/../lib/gcc/riscv-none-embed/8.2.0/../../../../riscv-none-embed/lib/rv32imac/ilp32\libg_nano.a(lib_a-localeconv.o)
 .debug_frame   0x00000000000013b8       0x30 c:/mounriver/mounriver_studio/toolchain/risc-v embedded gcc/bin/../lib/gcc/riscv-none-embed/8.2.0/../../../../riscv-none-embed/lib/rv32imac/ilp32\libg_nano.a(lib_a-malloc.o)
 .debug_frame   0x00000000000013e8       0x38 c:/mounriver/mounriver_studio/toolchain/risc-v embedded gcc/bin/../lib/gcc/riscv-none-embed/8.2.0/../../../../riscv-none-embed/lib/rv32imac/ilp32\libg_nano.a(lib_a-mbtowc_r.o)
 .debug_frame   0x0000000000001420       0x20 c:/mounriver/mounriver_studio/toolchain/risc-v embedded gcc/bin/../lib/gcc/riscv-none-embed/8.2.0/../../../../riscv-none-embed/lib/rv32imac/ilp32\libg_nano.a(lib_a-memchr.o)
 .debug_frame   0x0000000000001440       0x20 c:/mounriver/mounriver_studio/toolchain/risc-v embedded gcc/bin/../lib/gcc/riscv-none-embed/8.2.0/../../../../riscv-none-embed/lib/rv32imac/ilp32\libg_nano.a(lib_a-memcpy.o)
 .debug_frame   0x0000000000001460      0x2e0 c:/mounriver/mounriver_studio/toolchain/risc-v embedded gcc/bin/../lib/gcc/riscv-none-embed/8.2.0/../../../../riscv-none-embed/lib/rv32imac/ilp32\libg_nano.a(lib_a-mprec.o)
 .debug_frame   0x0000000000001740       0x30 c:/mounriver/mounriver_studio/toolchain/risc-v embedded gcc/bin/../lib/gcc/riscv-none-embed/8.2.0/../../../../riscv-none-embed/lib/rv32imac/ilp32\libg_nano.a(lib_a-nano-callocr.o)
 .debug_frame   0x0000000000001770       0x40 c:/mounriver/mounriver_studio/toolchain/risc-v embedded gcc/bin/../lib/gcc/riscv-none-embed/8.2.0/../../../../riscv-none-embed/lib/rv32imac/ilp32\libg_nano.a(lib_a-nano-freer.o)
 .debug_frame   0x00000000000017b0       0x40 c:/mounriver/mounriver_studio/toolchain/risc-v embedded gcc/bin/../lib/gcc/riscv-none-embed/8.2.0/../../../../riscv-none-embed/lib/rv32imac/ilp32\libg_nano.a(lib_a-nano-mallocr.o)
 .debug_frame   0x00000000000017f0       0xe0 c:/mounriver/mounriver_studio/toolchain/risc-v embedded gcc/bin/../lib/gcc/riscv-none-embed/8.2.0/../../../../riscv-none-embed/lib/rv32imac/ilp32\libg_nano.a(lib_a-nano-svfprintf.o)
 .debug_frame   0x00000000000018d0       0x30 c:/mounriver/mounriver_studio/toolchain/risc-v embedded gcc/bin/../lib/gcc/riscv-none-embed/8.2.0/../../../../riscv-none-embed/lib/rv32imac/ilp32\libg_nano.a(lib_a-sbrkr.o)
 .debug_frame   0x0000000000001900       0x20 c:/mounriver/mounriver_studio/toolchain/risc-v embedded gcc/bin/../lib/gcc/riscv-none-embed/8.2.0/../../../../riscv-none-embed/lib/rv32imac/ilp32\libg_nano.a(lib_a-strncmp.o)
 .debug_frame   0x0000000000001920       0x30 c:/mounriver/mounriver_studio/toolchain/risc-v embedded gcc/bin/../lib/gcc/riscv-none-embed/8.2.0/../../../../riscv-none-embed/lib/rv32imac/ilp32\libg_nano.a(lib_a-wctomb_r.o)
 .debug_frame   0x0000000000001950       0x20 c:/mounriver/mounriver_studio/toolchain/risc-v embedded gcc/bin/../lib/gcc/riscv-none-embed/8.2.0/../../../../riscv-none-embed/lib/rv32imac/ilp32\libg_nano.a(lib_a-memmove.o)
 .debug_frame   0x0000000000001970       0x30 c:/mounriver/mounriver_studio/toolchain/risc-v embedded gcc/bin/../lib/gcc/riscv-none-embed/8.2.0/../../../../riscv-none-embed/lib/rv32imac/ilp32\libg_nano.a(lib_a-mlock.o)
 .debug_frame   0x00000000000019a0       0x40 c:/mounriver/mounriver_studio/toolchain/risc-v embedded gcc/bin/../lib/gcc/riscv-none-embed/8.2.0/../../../../riscv-none-embed/lib/rv32imac/ilp32\libg_nano.a(lib_a-nano-reallocr.o)
 .debug_frame   0x00000000000019e0       0x70 c:/mounriver/mounriver_studio/toolchain/risc-v embedded gcc/bin/../lib/gcc/riscv-none-embed/8.2.0/../../../../riscv-none-embed/lib/rv32imac/ilp32\libg_nano.a(lib_a-reent.o)
 .debug_frame   0x0000000000001a50       0x20 c:/mounriver/mounriver_studio/toolchain/risc-v embedded gcc/bin/../lib/gcc/riscv-none-embed/8.2.0/../../../../riscv-none-embed/lib/rv32imac/ilp32\libg_nano.a(lib_a-nano-msizer.o)
 .debug_frame   0x0000000000001a70       0x20 c:/mounriver/mounriver_studio/toolchain/risc-v embedded gcc/bin/../lib/gcc/riscv-none-embed/8.2.0/rv32imac/ilp32\libgcc.a(eqdf2.o)
 .debug_frame   0x0000000000001a90       0x20 c:/mounriver/mounriver_studio/toolchain/risc-v embedded gcc/bin/../lib/gcc/riscv-none-embed/8.2.0/rv32imac/ilp32\libgcc.a(gedf2.o)
 .debug_frame   0x0000000000001ab0       0x20 c:/mounriver/mounriver_studio/toolchain/risc-v embedded gcc/bin/../lib/gcc/riscv-none-embed/8.2.0/rv32imac/ilp32\libgcc.a(ledf2.o)
 .debug_frame   0x0000000000001ad0       0x20 c:/mounriver/mounriver_studio/toolchain/risc-v embedded gcc/bin/../lib/gcc/riscv-none-embed/8.2.0/rv32imac/ilp32\libgcc.a(unorddf2.o)
 .debug_frame   0x0000000000001af0       0x20 c:/mounriver/mounriver_studio/toolchain/risc-v embedded gcc/bin/../lib/gcc/riscv-none-embed/8.2.0/rv32imac/ilp32\libgcc.a(fixdfsi.o)
 .debug_frame   0x0000000000001b10       0x20 c:/mounriver/mounriver_studio/toolchain/risc-v embedded gcc/bin/../lib/gcc/riscv-none-embed/8.2.0/rv32imac/ilp32\libgcc.a(fixunsdfsi.o)
 .debug_frame   0x0000000000001b30       0x38 c:/mounriver/mounriver_studio/toolchain/risc-v embedded gcc/bin/../lib/gcc/riscv-none-embed/8.2.0/rv32imac/ilp32\libgcc.a(floatunsidf.o)
 .debug_frame   0x0000000000001b68       0x3c c:/mounriver/mounriver_studio/toolchain/risc-v embedded gcc/bin/../lib/gcc/riscv-none-embed/8.2.0/rv32imac/ilp32\libgcc.a(extenddftf2.o)
 .debug_frame   0x0000000000001ba4       0x2c c:/mounriver/mounriver_studio/toolchain/risc-v embedded gcc/bin/../lib/gcc/riscv-none-embed/8.2.0/rv32imac/ilp32\libgcc.a(trunctfdf2.o)
 .debug_frame   0x0000000000001bd0       0x20 c:/mounriver/mounriver_studio/toolchain/risc-v embedded gcc/bin/../lib/gcc/riscv-none-embed/8.2.0/../../../../riscv-none-embed/lib/rv32imac/ilp32\libnosys.a(sbrk.o)

.debug_loc      0x0000000000000000     0x1ab2
 .debug_loc     0x0000000000000000     0x1286 ./src/onewire.o
 .debug_loc     0x0000000000001286      0x361 ./StdPeriphDriver/CH58x_gpio.o
 .debug_loc     0x00000000000015e7      0x25a ./StdPeriphDriver/CH58x_sys.o
 .debug_loc     0x0000000000001841       0x84 ./StdPeriphDriver/CH58x_timer0.o
 .debug_loc     0x00000000000018c5      0x1ed ./StdPeriphDriver/CH58x_uart1.o
